<html>
<body>
<pre>
<h1>礦ision Build Log</h1>
<h2>Tool Versions:</h2>
IDE-Version: μVision V5.14.0.0
Copyright (C) 2015 ARM Ltd and ARM Germany GmbH. All rights reserved.
License Information: b Berg, cbb, LIC=V85DY-I7677-UL2CE-51PUA-3ST4C-KCYJQ
 
Tool Versions:
Toolchain:       MDK-ARM Professional  Version: 5.14.0.0
Toolchain Path:  D:\Keil_v5\ARM\ARMCC\Bin
C Compiler:      Armcc.exe V5.05 update 1 (build 106)
Assembler:       Armasm.exe V5.05 update 1 (build 106)
Linker/Locator:  ArmLink.exe V5.05 update 1 (build 106)
Library Manager: ArmAr.exe V5.05 update 1 (build 106)
Hex Converter:   FromElf.exe V5.05 update 1 (build 106)
CPU DLL:         SARMCM3.DLL V5.14.0.0
Dialog DLL:      DARMSTM.DLL V1.65.0.0
Target DLL:      UL2CM3.DLL V1.155.0.0
Dialog DLL:      TARMSTM.DLL V1.64.0.0
 
<h2>Project:</h2>
E:\01-----学习资料\01----------嵌入式大类\03----------模块资料\铭正同创\STM32F103_MzLH08\Project\BaseDemo\BaseDraw.uvproj
Project File Date:  07/26/2018

<h2>Output:</h2>
Build target 'Target 1'
compiling main.c...
compiling STM32F10X_System.c...
compiling stm32f10x_it.c...
assembling cortexm3_macro.s...
assembling stm32f10x_vector.s...
compiling LCD_Dis.c...
linking...
Program Size: Code=2800 RO-data=336 RW-data=8 ZI-data=2144  
".\Output\BaseDraw.axf" - 0 Error(s), 0 Warning(s).
</pre>
</body>
</html>
