ARM Linker, RVCT3.1 [Build 939] for uVision [Standard]

================================================================================

Section Cross References

    main.o(.text) refers to stm32f10x_system.o(.text) for System_Init
    main.o(.text) refers to lcd_dis.o(.text) for LCD_Init
    main.o(.text) refers to bitmap.o(.constdata) for Bitmap01
    stm32f10x_system.o(.text) refers to stm32f10x_nvic.o(i.NVIC_SetVectorTable) for NVIC_SetVectorTable
    stm32f10x_system.o(.text) refers to stm32f10x_nvic.o(i.NVIC_PriorityGroupConfig) for NVIC_PriorityGroupConfig
    stm32f10x_system.o(.text) refers to stm32f10x_gpio.o(i.GPIO_Init) for GPIO_Init
    stm32f10x_system.o(.text) refers to stm32f10x_rcc.o(i.RCC_DeInit) for RCC_DeInit
    stm32f10x_system.o(.text) refers to stm32f10x_rcc.o(i.RCC_HSEConfig) for RCC_HSEConfig
    stm32f10x_system.o(.text) refers to stm32f10x_rcc.o(i.RCC_WaitForHSEStartUp) for RCC_WaitForHSEStartUp
    stm32f10x_system.o(.text) refers to stm32f10x_flash.o(i.FLASH_PrefetchBufferCmd) for FLASH_PrefetchBufferCmd
    stm32f10x_system.o(.text) refers to stm32f10x_flash.o(i.FLASH_SetLatency) for FLASH_SetLatency
    stm32f10x_system.o(.text) refers to stm32f10x_rcc.o(i.RCC_HCLKConfig) for RCC_HCLKConfig
    stm32f10x_system.o(.text) refers to stm32f10x_rcc.o(i.RCC_PCLK2Config) for RCC_PCLK2Config
    stm32f10x_system.o(.text) refers to stm32f10x_rcc.o(i.RCC_PCLK1Config) for RCC_PCLK1Config
    stm32f10x_system.o(.text) refers to stm32f10x_rcc.o(i.RCC_PLLConfig) for RCC_PLLConfig
    stm32f10x_system.o(.text) refers to stm32f10x_rcc.o(i.RCC_PLLCmd) for RCC_PLLCmd
    stm32f10x_system.o(.text) refers to stm32f10x_rcc.o(i.RCC_GetFlagStatus) for RCC_GetFlagStatus
    stm32f10x_system.o(.text) refers to stm32f10x_rcc.o(i.RCC_SYSCLKConfig) for RCC_SYSCLKConfig
    stm32f10x_system.o(.text) refers to stm32f10x_rcc.o(i.RCC_GetSYSCLKSource) for RCC_GetSYSCLKSource
    stm32f10x_system.o(.text) refers to stm32f10x_rcc.o(i.RCC_APB2PeriphClockCmd) for RCC_APB2PeriphClockCmd
    stm32f10x_it.o(.text) refers to stm32f10x_dma.o(i.DMA_GetITStatus) for DMA_GetITStatus
    stm32f10x_it.o(.text) refers to stm32f10x_dma.o(i.DMA_ClearITPendingBit) for DMA_ClearITPendingBit
    stm32f10x_vector.o(STACK) refers (Special) to stkheap2.o(.text) for __use_two_region_memory
    stm32f10x_vector.o(HEAP) refers (Special) to stkheap2.o(.text) for __use_two_region_memory
    stm32f10x_vector.o(RESET) refers to stm32f10x_vector.o(.text) for Reset_Handler
    stm32f10x_vector.o(RESET) refers to stm32f10x_it.o(.text) for NMIException
    stm32f10x_vector.o(RESET) refers (Special) to stkheap2.o(.text) for __use_two_region_memory
    stm32f10x_vector.o(.text) refers to __main.o(!!!main) for __main
    stm32f10x_vector.o(.text) refers to stm32f10x_vector.o(HEAP) for Heap_Mem
    stm32f10x_vector.o(.text) refers to stm32f10x_vector.o(STACK) for Stack_Mem
    stm32f10x_vector.o(.text) refers (Special) to stkheap2.o(.text) for __use_two_region_memory
    lcd_dis.o(.text) refers to lcd_dis.o(.data) for X_Witch
    stm32f10x_gpio.o(i.GPIO_DeInit) refers to stm32f10x_rcc.o(i.RCC_APB2PeriphResetCmd) for RCC_APB2PeriphResetCmd
    stm32f10x_gpio.o(i.GPIO_AFIODeInit) refers to stm32f10x_rcc.o(i.RCC_APB2PeriphResetCmd) for RCC_APB2PeriphResetCmd
    stm32f10x_nvic.o(i.NVIC_SETPRIMASK) refers to cortexm3_macro.o(.text) for __SETPRIMASK
    stm32f10x_nvic.o(i.NVIC_RESETPRIMASK) refers to cortexm3_macro.o(.text) for __RESETPRIMASK
    stm32f10x_nvic.o(i.NVIC_SETFAULTMASK) refers to cortexm3_macro.o(.text) for __SETFAULTMASK
    stm32f10x_nvic.o(i.NVIC_RESETFAULTMASK) refers to cortexm3_macro.o(.text) for __RESETFAULTMASK
    stm32f10x_nvic.o(i.NVIC_BASEPRICONFIG) refers to cortexm3_macro.o(.text) for __BASEPRICONFIG
    stm32f10x_nvic.o(i.NVIC_GetBASEPRI) refers to cortexm3_macro.o(.text) for __GetBASEPRI
    stm32f10x_rcc.o(i.RCC_WaitForHSEStartUp) refers to stm32f10x_rcc.o(i.RCC_GetFlagStatus) for RCC_GetFlagStatus
    stm32f10x_rcc.o(i.RCC_GetClocksFreq) refers to stm32f10x_rcc.o(.constdata) for .constdata
    stkheap2.o(.text) refers to sys_stackheap_outer.o(.text) for __user_setup_stackheap
    stkheap2.o(.text) refers to rt_stackheap_storage_intlibspace.o(.text) for __rt_stackheap_storage
    __main.o(!!!main) refers to kernel.o(.text) for __rt_entry
    kernel.o(.text) refers to stkheap2.o(.text) for __rt_stackheap_init
    kernel.o(.text) refers to boardinit2.o(.text) for _platform_post_stackheap_init
    kernel.o(.text) refers to lib_init.o(.text) for __rt_lib_init
    kernel.o(.text) refers to boardinit3.o(.text) for _platform_post_lib_init
    kernel.o(.text) refers to main.o(.text) for main
    kernel.o(.text) refers to exit.o(.text) for exit
    kernel.o(.text) refers to sys_exit.o(.text) for _sys_exit
    kernel.o(.ARM.exidx) refers to kernel.o(.text) for __rt_entry
    sys_stackheap_outer.o(.text) refers to libspace.o(.text) for __user_perproc_libspace
    sys_stackheap_outer.o(.text) refers to stm32f10x_vector.o(.text) for __user_initial_stackheap
    rt_stackheap_storage.o(.text) refers to rt_stackheap_storage.o(.bss) for __rt_stackheap_storage_data
    rt_stackheap_storage_intlibspace.o(.text) refers to libspace.o(.bss) for __libspace_start
    sys_exit.o(.text) refers to use_no_semi.o(.text) for __I_use_semihosting
    libspace.o(.text) refers to libspace.o(.bss) for __libspace_start
    exit.o(.text) refers to kernel.o(.text) for __rt_exit
    stkheap1.o(.text) refers to sys_stackheap_outer.o(.text) for __user_setup_stackheap
    stkheap1.o(.text) refers to rt_stackheap_storage_intlibspace.o(.text) for __rt_stackheap_storage
    lib_init.o(.emb_text) refers to no_argv.o(.text) for __ARM_get_argv
    lib_init.o(.text) refers to fpinit.o(x$fpl$fpinit) for _fp_init
    lib_init.o(.text) refers to lib_init.o(.emb_text) for __ARM_argv_veneer
    lib_init.o(.text) refers to rt_locale_intlibspace.o(.text) for __rt_locale
    rt_locale.o(.text) refers to rt_locale.o(.bss) for __rt_locale_data
    rt_locale_intlibspace.o(.text) refers to libspace.o(.bss) for __libspace_start
    _get_argv.o(.text) refers to heapext.o(.text) for __heap_extend
    _get_argv.o(.text) refers to defsig_rtmem_outer.o(.text) for __rt_SIGRTMEM
    _get_argv.o(.text) refers to sys_command.o(.text) for _sys_command_string
    _get_argv.o(.text) refers (Special) to hrguard.o(.text) for __heap_region_guard
    fpinit.o(x$fpl$fpinit) refers to rt_fp_status_addr_intlibspace.o(.text) for __rt_fp_status_addr
    sys_command.o(.text) refers (Special) to use_no_semi.o(.text) for __I_use_semihosting
    rt_fp_status_addr.o(.text) refers to rt_fp_status_addr.o(.bss) for __rt_fp_status_addr_data
    rt_fp_status_addr_intlibspace.o(.text) refers to libspace.o(.bss) for __libspace_start
    defsig_rtmem_outer.o(.text) refers to defsig_rtmem_inner.o(.text) for __rt_SIGRTMEM_inner
    defsig_rtmem_outer.o(.text) refers to defsig_exit.o(.text) for __sig_exit
    defsig_rtmem_formal.o(.text) refers to rt_raise.o(.text) for __rt_raise
    heapext.o(.text) refers to stkheap2.o(.text) for __rt_heap_extend
    rt_raise.o(.text) refers to __raise.o(.text) for __raise
    rt_raise.o(.text) refers to sys_exit.o(.text) for _sys_exit
    defsig.o(CL$$defsig) refers to defsig_rtmem_inner.o(.text) for __rt_SIGRTMEM_inner
    defsig_exit.o(.text) refers to sys_exit.o(.text) for _sys_exit
    defsig_rtmem_inner.o(.text) refers to defsig_general.o(.text) for __default_signal_display
    __raise.o(.text) refers to defsig.o(CL$$defsig) for __default_signal_handler
    defsig_general.o(.text) refers to sys_wrch.o(.text) for _ttywrch
    defsig_abrt_inner.o(.text) refers to defsig_general.o(.text) for __default_signal_display
    defsig_fpe_inner.o(.text) refers to defsig_general.o(.text) for __default_signal_display
    defsig_rtred_inner.o(.text) refers to defsig_general.o(.text) for __default_signal_display
    defsig_stak_inner.o(.text) refers to defsig_general.o(.text) for __default_signal_display
    defsig_pvfn_inner.o(.text) refers to defsig_general.o(.text) for __default_signal_display
    defsig_cppl_inner.o(.text) refers to defsig_general.o(.text) for __default_signal_display
    defsig_segv_inner.o(.text) refers to defsig_general.o(.text) for __default_signal_display
    defsig_other.o(.text) refers to defsig_general.o(.text) for __default_signal_display
    sys_wrch.o(.text) refers (Special) to use_no_semi.o(.text) for __I_use_semihosting


================================================================================

Removing Unused input sections from the image.

    Removing cortexm3_macro.o(.text), (122 bytes).
    Removing stm32f10x_dma.o(i.DMA_DeInit), (224 bytes).
    Removing stm32f10x_dma.o(i.DMA_Init), (58 bytes).
    Removing stm32f10x_dma.o(i.DMA_StructInit), (26 bytes).
    Removing stm32f10x_dma.o(i.DMA_Cmd), (20 bytes).
    Removing stm32f10x_dma.o(i.DMA_ITConfig), (16 bytes).
    Removing stm32f10x_dma.o(i.DMA_GetCurrDataCounter), (6 bytes).
    Removing stm32f10x_dma.o(i.DMA_GetFlagStatus), (32 bytes).
    Removing stm32f10x_dma.o(i.DMA_ClearFlag), (20 bytes).
    Removing stm32f10x_flash.o(i.FLASH_HalfCycleAccessCmd), (24 bytes).
    Removing stm32f10x_gpio.o(i.GPIO_DeInit), (160 bytes).
    Removing stm32f10x_gpio.o(i.GPIO_AFIODeInit), (22 bytes).
    Removing stm32f10x_gpio.o(i.GPIO_StructInit), (16 bytes).
    Removing stm32f10x_gpio.o(i.GPIO_ReadInputDataBit), (14 bytes).
    Removing stm32f10x_gpio.o(i.GPIO_ReadInputData), (6 bytes).
    Removing stm32f10x_gpio.o(i.GPIO_ReadOutputDataBit), (14 bytes).
    Removing stm32f10x_gpio.o(i.GPIO_ReadOutputData), (6 bytes).
    Removing stm32f10x_gpio.o(i.GPIO_SetBits), (4 bytes).
    Removing stm32f10x_gpio.o(i.GPIO_ResetBits), (4 bytes).
    Removing stm32f10x_gpio.o(i.GPIO_WriteBit), (10 bytes).
    Removing stm32f10x_gpio.o(i.GPIO_Write), (4 bytes).
    Removing stm32f10x_gpio.o(i.GPIO_PinLockConfig), (16 bytes).
    Removing stm32f10x_gpio.o(i.GPIO_EventOutputConfig), (28 bytes).
    Removing stm32f10x_gpio.o(i.GPIO_EventOutputCmd), (12 bytes).
    Removing stm32f10x_gpio.o(i.GPIO_PinRemapConfig), (72 bytes).
    Removing stm32f10x_gpio.o(i.GPIO_EXTILineConfig), (40 bytes).
    Removing stm32f10x_nvic.o(i.NVIC_DeInit), (44 bytes).
    Removing stm32f10x_nvic.o(i.NVIC_SCBDeInit), (68 bytes).
    Removing stm32f10x_nvic.o(i.NVIC_Init), (116 bytes).
    Removing stm32f10x_nvic.o(i.NVIC_StructInit), (12 bytes).
    Removing stm32f10x_nvic.o(i.NVIC_SETPRIMASK), (4 bytes).
    Removing stm32f10x_nvic.o(i.NVIC_RESETPRIMASK), (4 bytes).
    Removing stm32f10x_nvic.o(i.NVIC_SETFAULTMASK), (4 bytes).
    Removing stm32f10x_nvic.o(i.NVIC_RESETFAULTMASK), (4 bytes).
    Removing stm32f10x_nvic.o(i.NVIC_BASEPRICONFIG), (6 bytes).
    Removing stm32f10x_nvic.o(i.NVIC_GetBASEPRI), (4 bytes).
    Removing stm32f10x_nvic.o(i.NVIC_GetCurrentPendingIRQChannel), (16 bytes).
    Removing stm32f10x_nvic.o(i.NVIC_GetIRQChannelPendingBitStatus), (34 bytes).
    Removing stm32f10x_nvic.o(i.NVIC_SetIRQChannelPendingBit), (12 bytes).
    Removing stm32f10x_nvic.o(i.NVIC_ClearIRQChannelPendingBit), (24 bytes).
    Removing stm32f10x_nvic.o(i.NVIC_GetCurrentActiveHandler), (16 bytes).
    Removing stm32f10x_nvic.o(i.NVIC_GetIRQChannelActiveBitStatus), (34 bytes).
    Removing stm32f10x_nvic.o(i.NVIC_GetCPUID), (12 bytes).
    Removing stm32f10x_nvic.o(i.NVIC_GenerateSystemReset), (16 bytes).
    Removing stm32f10x_nvic.o(i.NVIC_GenerateCoreReset), (16 bytes).
    Removing stm32f10x_nvic.o(i.NVIC_SystemLPConfig), (24 bytes).
    Removing stm32f10x_nvic.o(i.NVIC_SystemHandlerConfig), (32 bytes).
    Removing stm32f10x_nvic.o(i.NVIC_SystemHandlerPriorityConfig), (76 bytes).
    Removing stm32f10x_nvic.o(i.NVIC_GetSystemHandlerPendingBitStatus), (32 bytes).
    Removing stm32f10x_nvic.o(i.NVIC_SetSystemHandlerPendingBit), (24 bytes).
    Removing stm32f10x_nvic.o(i.NVIC_ClearSystemHandlerPendingBit), (24 bytes).
    Removing stm32f10x_nvic.o(i.NVIC_GetSystemHandlerActiveBitStatus), (32 bytes).
    Removing stm32f10x_nvic.o(i.NVIC_GetFaultHandlerSources), (54 bytes).
    Removing stm32f10x_nvic.o(i.NVIC_GetFaultAddress), (22 bytes).
    Removing stm32f10x_rcc.o(i.RCC_AdjustHSICalibrationValue), (20 bytes).
    Removing stm32f10x_rcc.o(i.RCC_HSICmd), (12 bytes).
    Removing stm32f10x_rcc.o(i.RCC_ITConfig), (24 bytes).
    Removing stm32f10x_rcc.o(i.RCC_USBCLKConfig), (12 bytes).
    Removing stm32f10x_rcc.o(i.RCC_ADCCLKConfig), (20 bytes).
    Removing stm32f10x_rcc.o(i.RCC_LSEConfig), (32 bytes).
    Removing stm32f10x_rcc.o(i.RCC_LSICmd), (12 bytes).
    Removing stm32f10x_rcc.o(i.RCC_RTCCLKConfig), (16 bytes).
    Removing stm32f10x_rcc.o(i.RCC_RTCCLKCmd), (12 bytes).
    Removing stm32f10x_rcc.o(i.RCC_GetClocksFreq), (148 bytes).
    Removing stm32f10x_rcc.o(i.RCC_AHBPeriphClockCmd), (24 bytes).
    Removing stm32f10x_rcc.o(i.RCC_APB1PeriphClockCmd), (24 bytes).
    Removing stm32f10x_rcc.o(i.RCC_APB2PeriphResetCmd), (24 bytes).
    Removing stm32f10x_rcc.o(i.RCC_APB1PeriphResetCmd), (24 bytes).
    Removing stm32f10x_rcc.o(i.RCC_BackupResetCmd), (12 bytes).
    Removing stm32f10x_rcc.o(i.RCC_ClockSecuritySystemCmd), (12 bytes).
    Removing stm32f10x_rcc.o(i.RCC_MCOConfig), (12 bytes).
    Removing stm32f10x_rcc.o(i.RCC_ClearFlag), (16 bytes).
    Removing stm32f10x_rcc.o(i.RCC_GetITStatus), (20 bytes).
    Removing stm32f10x_rcc.o(i.RCC_ClearITPendingBit), (12 bytes).
    Removing stm32f10x_rcc.o(.constdata), (20 bytes).

75 unused section(s) (total 2250 bytes) removed from the image.

================================================================================

Image Symbol Table

    Local Symbols

    Symbol Name                              Value     Ov Type        Size  Object(Section)

    ../../angel/boardlib.s                   0x00000000   Number         0  boardinit1.o ABSOLUTE
    ../../angel/boardlib.s                   0x00000000   Number         0  boardinit2.o ABSOLUTE
    ../../angel/boardlib.s                   0x00000000   Number         0  boardshut.o ABSOLUTE
    ../../angel/boardlib.s                   0x00000000   Number         0  boardinit3.o ABSOLUTE
    ../../angel/boardlib.s                   0x00000000   Number         0  cpuinit.o ABSOLUTE
    ../../angel/handlers.s                   0x00000000   Number         0  __scatter_copy.o ABSOLUTE
    ../../angel/handlers.s                   0x00000000   Number         0  __scatter_zi.o ABSOLUTE
    ../../angel/kernel.s                     0x00000000   Number         0  kernel.o ABSOLUTE
    ../../angel/rt.s                         0x00000000   Number         0  rt_fp_status_addr_intlibspace.o ABSOLUTE
    ../../angel/rt.s                         0x00000000   Number         0  rt_stackheap_storage_intlibspace.o ABSOLUTE
    ../../angel/rt.s                         0x00000000   Number         0  rt_stackheap_storage.o ABSOLUTE
    ../../angel/rt.s                         0x00000000   Number         0  rt_fp_status_addr.o ABSOLUTE
    ../../angel/rt.s                         0x00000000   Number         0  rt_locale.o ABSOLUTE
    ../../angel/rt.s                         0x00000000   Number         0  rt_raise.o ABSOLUTE
    ../../angel/rt.s                         0x00000000   Number         0  rt_locale_intlibspace.o ABSOLUTE
    ../../angel/scatter.s                    0x00000000   Number         0  __scatter.o ABSOLUTE
    ../../angel/startup.s                    0x00000000   Number         0  __main.o ABSOLUTE
    ../../angel/sys.s                        0x00000000   Number         0  use_no_semi.o ABSOLUTE
    ../../angel/sys.s                        0x00000000   Number         0  sys_stackheap_outer.o ABSOLUTE
    ../../angel/sys.s                        0x00000000   Number         0  libspace.o ABSOLUTE
    ../../angel/sys.s                        0x00000000   Number         0  sys_exit.o ABSOLUTE
    ../../angel/sysapp.c                     0x00000000   Number         0  sys_command.o ABSOLUTE
    ../../angel/sysapp.c                     0x00000000   Number         0  sys_wrch.o ABSOLUTE
    ../../armsys.c                           0x00000000   Number         0  no_argv.o ABSOLUTE
    ../../armsys.c                           0x00000000   Number         0  _get_argv.o ABSOLUTE
    ../../armsys.c                           0x00000000   Number         0  lib_init.o ABSOLUTE
    ../../armsys.c                           0x00000000   Number         0  lib_init.o ABSOLUTE
    ../../fpinit.s                           0x00000000   Number         0  fpinit.o ABSOLUTE
    ../../heapalloc.c                        0x00000000   Number         0  hrguard.o ABSOLUTE
    ../../signal.c                           0x00000000   Number         0  defsig_segv_inner.o ABSOLUTE
    ../../signal.c                           0x00000000   Number         0  defsig_pvfn_inner.o ABSOLUTE
    ../../signal.c                           0x00000000   Number         0  defsig_stak_inner.o ABSOLUTE
    ../../signal.c                           0x00000000   Number         0  defsig_abrt_inner.o ABSOLUTE
    ../../signal.c                           0x00000000   Number         0  defsig_rtmem_outer.o ABSOLUTE
    ../../signal.c                           0x00000000   Number         0  defsig_rtmem_formal.o ABSOLUTE
    ../../signal.c                           0x00000000   Number         0  defsig_cppl_inner.o ABSOLUTE
    ../../signal.c                           0x00000000   Number         0  defsig_exit.o ABSOLUTE
    ../../signal.c                           0x00000000   Number         0  defsig_rtmem_inner.o ABSOLUTE
    ../../signal.c                           0x00000000   Number         0  __raise.o ABSOLUTE
    ../../signal.c                           0x00000000   Number         0  defsig_general.o ABSOLUTE
    ../../signal.c                           0x00000000   Number         0  defsig_other.o ABSOLUTE
    ../../signal.c                           0x00000000   Number         0  defsig_fpe_inner.o ABSOLUTE
    ../../signal.c                           0x00000000   Number         0  defsig_rtred_inner.o ABSOLUTE
    ../../signal.s                           0x00000000   Number         0  defsig.o ABSOLUTE
    ../../stdlib.c                           0x00000000   Number         0  exit.o ABSOLUTE
    ../../stkheap.s                          0x00000000   Number         0  heapext.o ABSOLUTE
    ../../stkheap1.s                         0x00000000   Number         0  stkheap1.o ABSOLUTE
    ../../stkheap2.s                         0x00000000   Number         0  stkheap2.o ABSOLUTE
    ..\..\LCD_Driver\LCD_Dis.c               0x00000000   Number         0  lcd_dis.o ABSOLUTE
    ..\..\STM32_Lib\cortexm3_macro.s         0x00000000   Number         0  cortexm3_macro.o ABSOLUTE
    ..\..\STM32_Lib\stm32f10x_vector.s       0x00000000   Number         0  stm32f10x_vector.o ABSOLUTE
    ..\library\src\stm32f10x_dma.c           0x00000000   Number         0  stm32f10x_dma.o ABSOLUTE
    ..\library\src\stm32f10x_flash.c         0x00000000   Number         0  stm32f10x_flash.o ABSOLUTE
    ..\library\src\stm32f10x_gpio.c          0x00000000   Number         0  stm32f10x_gpio.o ABSOLUTE
    ..\library\src\stm32f10x_nvic.c          0x00000000   Number         0  stm32f10x_nvic.o ABSOLUTE
    ..\library\src\stm32f10x_rcc.c           0x00000000   Number         0  stm32f10x_rcc.o ABSOLUTE
    UserCode\Bitmap.c                        0x00000000   Number         0  bitmap.o ABSOLUTE
    UserCode\STM32F10X_System.c              0x00000000   Number         0  stm32f10x_system.o ABSOLUTE
    UserCode\main.c                          0x00000000   Number         0  main.o ABSOLUTE
    UserCode\stm32f10x_it.c                  0x00000000   Number         0  stm32f10x_it.o ABSOLUTE
    dc.s                                     0x00000000   Number         0  dc.o ABSOLUTE
    RESET                                    0x08000000   Section      304  stm32f10x_vector.o(RESET)
    !!!main                                  0x08000130   Section        8  __main.o(!!!main)
    !!!scatter                               0x08000138   Section       52  __scatter.o(!!!scatter)
    !!handler_copy                           0x0800016c   Section       26  __scatter_copy.o(!!handler_copy)
    !!handler_zi                             0x08000188   Section       28  __scatter_zi.o(!!handler_zi)
    .emb_text                                0x080001a4   Section        4  lib_init.o(.emb_text)
    .text                                    0x080001a8   Section       68  main.o(.text)
    .text                                    0x080001ec   Section      188  stm32f10x_system.o(.text)
    .text                                    0x080002a8   Section      166  stm32f10x_it.o(.text)
    .text                                    0x08000350   Section       36  stm32f10x_vector.o(.text)
    .text                                    0x08000374   Section     1274  lcd_dis.o(.text)
    .text                                    0x0800086e   Section       38  stkheap2.o(.text)
    .text                                    0x08000894   Section       62  kernel.o(.text)
    .text                                    0x080008d2   Section       74  sys_stackheap_outer.o(.text)
    .text                                    0x0800091c   Section       12  rt_stackheap_storage_intlibspace.o(.text)
    .text                                    0x08000928   Section       20  sys_exit.o(.text)
    .text                                    0x0800093c   Section        8  libspace.o(.text)
    .text                                    0x08000944   Section       12  exit.o(.text)
    .text                                    0x08000950   Section      192  lib_init.o(.text)
    .text                                    0x08000a10   Section       10  boardinit2.o(.text)
    .text                                    0x08000a1a   Section        8  boardinit3.o(.text)
    .text                                    0x08000a22   Section        2  use_no_semi.o(.text)
    .text                                    0x08000a24   Section       12  rt_locale_intlibspace.o(.text)
    .text                                    0x08000a30   Section        2  no_argv.o(.text)
    .text                                    0x08000a34   Section       12  rt_fp_status_addr_intlibspace.o(.text)
    i.DMA_ClearITPendingBit                  0x08000a40   Section       20  stm32f10x_dma.o(i.DMA_ClearITPendingBit)
    i.DMA_GetITStatus                        0x08000a54   Section       32  stm32f10x_dma.o(i.DMA_GetITStatus)
    i.FLASH_PrefetchBufferCmd                0x08000a74   Section       24  stm32f10x_flash.o(i.FLASH_PrefetchBufferCmd)
    i.FLASH_SetLatency                       0x08000a8c   Section       24  stm32f10x_flash.o(i.FLASH_SetLatency)
    i.GPIO_Init                              0x08000aa4   Section      162  stm32f10x_gpio.o(i.GPIO_Init)
    i.NVIC_PriorityGroupConfig               0x08000b48   Section       20  stm32f10x_nvic.o(i.NVIC_PriorityGroupConfig)
    i.NVIC_SetVectorTable                    0x08000b5c   Section       20  stm32f10x_nvic.o(i.NVIC_SetVectorTable)
    i.RCC_APB2PeriphClockCmd                 0x08000b70   Section       24  stm32f10x_rcc.o(i.RCC_APB2PeriphClockCmd)
    i.RCC_DeInit                             0x08000b88   Section       60  stm32f10x_rcc.o(i.RCC_DeInit)
    i.RCC_GetFlagStatus                      0x08000bc4   Section       48  stm32f10x_rcc.o(i.RCC_GetFlagStatus)
    i.RCC_GetSYSCLKSource                    0x08000bf4   Section       16  stm32f10x_rcc.o(i.RCC_GetSYSCLKSource)
    i.RCC_HCLKConfig                         0x08000c04   Section       20  stm32f10x_rcc.o(i.RCC_HCLKConfig)
    i.RCC_HSEConfig                          0x08000c18   Section       52  stm32f10x_rcc.o(i.RCC_HSEConfig)
    i.RCC_PCLK1Config                        0x08000c4c   Section       20  stm32f10x_rcc.o(i.RCC_PCLK1Config)
    i.RCC_PCLK2Config                        0x08000c60   Section       20  stm32f10x_rcc.o(i.RCC_PCLK2Config)
    i.RCC_PLLCmd                             0x08000c74   Section       12  stm32f10x_rcc.o(i.RCC_PLLCmd)
    i.RCC_PLLConfig                          0x08000c80   Section       20  stm32f10x_rcc.o(i.RCC_PLLConfig)
    i.RCC_SYSCLKConfig                       0x08000c94   Section       20  stm32f10x_rcc.o(i.RCC_SYSCLKConfig)
    i.RCC_WaitForHSEStartUp                  0x08000ca8   Section       36  stm32f10x_rcc.o(i.RCC_WaitForHSEStartUp)
    x$fpl$fpinit                             0x08000ccc   Section       14  fpinit.o(x$fpl$fpinit)
    .constdata                               0x08000cda   Section      598  bitmap.o(.constdata)
    .data                                    0x20000000   Section        5  lcd_dis.o(.data)
    .bss                                     0x20000008   Section       96  libspace.o(.bss)
    HEAP                                     0x20000068   Section     1024  stm32f10x_vector.o(HEAP)
    Heap_Mem                                 0x20000068   Data        1024  stm32f10x_vector.o(HEAP)
    STACK                                    0x20000468   Section     1024  stm32f10x_vector.o(STACK)
    Stack_Mem                                0x20000468   Data        1024  stm32f10x_vector.o(STACK)

    Global Symbols

    Symbol Name                              Value     Ov Type        Size  Object(Section)

    BuildAttributes$$THM_ISAv4$M$P$D$K$S$PE$A:L22UL41UL21$X:L11$S22US41US21$IEEE1$IW$USESV6$~STKCKD$USESV7$~SHL$OSPACE$EBA8$STANDARDLIB$REQ8$PRES8$EABIv2 0x00000000   Number         0  anon$$obj.o ABSOLUTE
    __ARM_use_no_argv                        0x00000000   Number         0  main.o ABSOLUTE
    __ARM_exceptions_init                     - Undefined Weak Reference
    __Heap_DescSize                           - Undefined Weak Reference
    __alloca_initialize                       - Undefined Weak Reference
    __cpp_initialize__aeabi_                  - Undefined Weak Reference
    __cxa_finalize                            - Undefined Weak Reference
    __sigvec_lookup                           - Undefined Weak Reference
    __user_heap_extend                        - Undefined Weak Reference
    _atexit_init                              - Undefined Weak Reference
    _call_atexit_fns                          - Undefined Weak Reference
    _clock_init                               - Undefined Weak Reference
    _fp_trap_init                             - Undefined Weak Reference
    _get_lc_collate                           - Undefined Weak Reference
    _get_lc_ctype                             - Undefined Weak Reference
    _get_lc_monetary                          - Undefined Weak Reference
    _get_lc_numeric                           - Undefined Weak Reference
    _get_lc_time                              - Undefined Weak Reference
    _getenv_init                              - Undefined Weak Reference
    _handle_redirection                       - Undefined Weak Reference
    _init_alloc                               - Undefined Weak Reference
    _init_user_alloc                          - Undefined Weak Reference
    _initio                                   - Undefined Weak Reference
    _rand_init                                - Undefined Weak Reference
    _signal_init                              - Undefined Weak Reference
    _terminate_user_alloc                     - Undefined Weak Reference
    _terminateio                              - Undefined Weak Reference
    __Vectors                                0x08000000   Data           4  stm32f10x_vector.o(RESET)
    __main                                   0x08000131   Thumb Code     8  __main.o(!!!main)
    __scatterload                            0x08000139   Thumb Code     0  __scatter.o(!!!scatter)
    __scatterload_rt2                        0x08000139   Thumb Code    44  __scatter.o(!!!scatter)
    __scatterload_rt2_thumb_only             0x08000139   Thumb Code     0  __scatter.o(!!!scatter)
    __scatterload_null                       0x08000147   Thumb Code     0  __scatter.o(!!!scatter)
    __scatterload_copy                       0x0800016d   Thumb Code    26  __scatter_copy.o(!!handler_copy)
    __scatterload_zeroinit                   0x08000189   Thumb Code    28  __scatter_zi.o(!!handler_zi)
    __ARM_argv_veneer                        0x080001a5   Thumb Code     4  lib_init.o(.emb_text)
    TimerDly                                 0x080001a9   Thumb Code    24  main.o(.text)
    main                                     0x080001c1   Thumb Code    40  main.o(.text)
    NVIC_Configuration                       0x080001ed   Thumb Code    22  stm32f10x_system.o(.text)
    GPIO_Configuration                       0x08000203   Thumb Code    32  stm32f10x_system.o(.text)
    RCC_Configuration                        0x08000223   Thumb Code   114  stm32f10x_system.o(.text)
    System_Init                              0x08000295   Thumb Code    16  stm32f10x_system.o(.text)
    NMIException                             0x080002a9   Thumb Code     2  stm32f10x_it.o(.text)
    HardFaultException                       0x080002ab   Thumb Code     4  stm32f10x_it.o(.text)
    MemManageException                       0x080002af   Thumb Code     4  stm32f10x_it.o(.text)
    BusFaultException                        0x080002b3   Thumb Code     4  stm32f10x_it.o(.text)
    UsageFaultException                      0x080002b7   Thumb Code     4  stm32f10x_it.o(.text)
    DebugMonitor                             0x080002bb   Thumb Code     2  stm32f10x_it.o(.text)
    SVCHandler                               0x080002bd   Thumb Code     2  stm32f10x_it.o(.text)
    PendSVC                                  0x080002bf   Thumb Code     2  stm32f10x_it.o(.text)
    SysTickHandler                           0x080002c1   Thumb Code     2  stm32f10x_it.o(.text)
    WWDG_IRQHandler                          0x080002c3   Thumb Code     2  stm32f10x_it.o(.text)
    PVD_IRQHandler                           0x080002c5   Thumb Code     2  stm32f10x_it.o(.text)
    TAMPER_IRQHandler                        0x080002c7   Thumb Code     2  stm32f10x_it.o(.text)
    RTC_IRQHandler                           0x080002c9   Thumb Code     2  stm32f10x_it.o(.text)
    FLASH_IRQHandler                         0x080002cb   Thumb Code     2  stm32f10x_it.o(.text)
    RCC_IRQHandler                           0x080002cd   Thumb Code     2  stm32f10x_it.o(.text)
    EXTI0_IRQHandler                         0x080002cf   Thumb Code     2  stm32f10x_it.o(.text)
    EXTI1_IRQHandler                         0x080002d1   Thumb Code     2  stm32f10x_it.o(.text)
    EXTI2_IRQHandler                         0x080002d3   Thumb Code     2  stm32f10x_it.o(.text)
    EXTI3_IRQHandler                         0x080002d5   Thumb Code     2  stm32f10x_it.o(.text)
    EXTI4_IRQHandler                         0x080002d7   Thumb Code     2  stm32f10x_it.o(.text)
    DMA1_Channel1_IRQHandler                 0x080002d9   Thumb Code     2  stm32f10x_it.o(.text)
    DMA1_Channel2_IRQHandler                 0x080002db   Thumb Code     2  stm32f10x_it.o(.text)
    DMA1_Channel3_IRQHandler                 0x080002dd   Thumb Code     2  stm32f10x_it.o(.text)
    DMA1_Channel4_IRQHandler                 0x080002df   Thumb Code    22  stm32f10x_it.o(.text)
    DMA1_Channel5_IRQHandler                 0x080002f5   Thumb Code     2  stm32f10x_it.o(.text)
    DMA1_Channel6_IRQHandler                 0x080002f7   Thumb Code     2  stm32f10x_it.o(.text)
    DMA1_Channel7_IRQHandler                 0x080002f9   Thumb Code     2  stm32f10x_it.o(.text)
    ADC1_2_IRQHandler                        0x080002fb   Thumb Code     2  stm32f10x_it.o(.text)
    USB_HP_CAN_TX_IRQHandler                 0x080002fd   Thumb Code     2  stm32f10x_it.o(.text)
    USB_LP_CAN_RX0_IRQHandler                0x080002ff   Thumb Code     2  stm32f10x_it.o(.text)
    CAN_RX1_IRQHandler                       0x08000301   Thumb Code     2  stm32f10x_it.o(.text)
    CAN_SCE_IRQHandler                       0x08000303   Thumb Code     2  stm32f10x_it.o(.text)
    EXTI9_5_IRQHandler                       0x08000305   Thumb Code     2  stm32f10x_it.o(.text)
    TIM1_BRK_IRQHandler                      0x08000307   Thumb Code     2  stm32f10x_it.o(.text)
    TIM1_UP_IRQHandler                       0x08000309   Thumb Code     2  stm32f10x_it.o(.text)
    TIM1_TRG_COM_IRQHandler                  0x0800030b   Thumb Code     2  stm32f10x_it.o(.text)
    TIM1_CC_IRQHandler                       0x0800030d   Thumb Code     2  stm32f10x_it.o(.text)
    TIM2_IRQHandler                          0x0800030f   Thumb Code     2  stm32f10x_it.o(.text)
    TIM3_IRQHandler                          0x08000311   Thumb Code     2  stm32f10x_it.o(.text)
    TIM4_IRQHandler                          0x08000313   Thumb Code     2  stm32f10x_it.o(.text)
    I2C1_EV_IRQHandler                       0x08000315   Thumb Code     2  stm32f10x_it.o(.text)
    I2C1_ER_IRQHandler                       0x08000317   Thumb Code     2  stm32f10x_it.o(.text)
    I2C2_EV_IRQHandler                       0x08000319   Thumb Code     2  stm32f10x_it.o(.text)
    I2C2_ER_IRQHandler                       0x0800031b   Thumb Code     2  stm32f10x_it.o(.text)
    SPI1_IRQHandler                          0x0800031d   Thumb Code     2  stm32f10x_it.o(.text)
    SPI2_IRQHandler                          0x0800031f   Thumb Code     2  stm32f10x_it.o(.text)
    USART1_IRQHandler                        0x08000321   Thumb Code     2  stm32f10x_it.o(.text)
    USART2_IRQHandler                        0x08000323   Thumb Code     2  stm32f10x_it.o(.text)
    USART3_IRQHandler                        0x08000325   Thumb Code     2  stm32f10x_it.o(.text)
    EXTI15_10_IRQHandler                     0x08000327   Thumb Code     2  stm32f10x_it.o(.text)
    RTCAlarm_IRQHandler                      0x08000329   Thumb Code     2  stm32f10x_it.o(.text)
    USBWakeUp_IRQHandler                     0x0800032b   Thumb Code     2  stm32f10x_it.o(.text)
    TIM8_BRK_IRQHandler                      0x0800032d   Thumb Code     2  stm32f10x_it.o(.text)
    TIM8_UP_IRQHandler                       0x0800032f   Thumb Code     2  stm32f10x_it.o(.text)
    TIM8_TRG_COM_IRQHandler                  0x08000331   Thumb Code     2  stm32f10x_it.o(.text)
    TIM8_CC_IRQHandler                       0x08000333   Thumb Code     2  stm32f10x_it.o(.text)
    ADC3_IRQHandler                          0x08000335   Thumb Code     2  stm32f10x_it.o(.text)
    FSMC_IRQHandler                          0x08000337   Thumb Code     2  stm32f10x_it.o(.text)
    SDIO_IRQHandler                          0x08000339   Thumb Code     2  stm32f10x_it.o(.text)
    TIM5_IRQHandler                          0x0800033b   Thumb Code     2  stm32f10x_it.o(.text)
    SPI3_IRQHandler                          0x0800033d   Thumb Code     2  stm32f10x_it.o(.text)
    UART4_IRQHandler                         0x0800033f   Thumb Code     2  stm32f10x_it.o(.text)
    UART5_IRQHandler                         0x08000341   Thumb Code     2  stm32f10x_it.o(.text)
    TIM6_IRQHandler                          0x08000343   Thumb Code     2  stm32f10x_it.o(.text)
    TIM7_IRQHandler                          0x08000345   Thumb Code     2  stm32f10x_it.o(.text)
    DMA2_Channel1_IRQHandler                 0x08000347   Thumb Code     2  stm32f10x_it.o(.text)
    DMA2_Channel2_IRQHandler                 0x08000349   Thumb Code     2  stm32f10x_it.o(.text)
    DMA2_Channel3_IRQHandler                 0x0800034b   Thumb Code     2  stm32f10x_it.o(.text)
    DMA2_Channel4_5_IRQHandler               0x0800034d   Thumb Code     2  stm32f10x_it.o(.text)
    Reset_Handler                            0x08000351   Thumb Code     4  stm32f10x_vector.o(.text)
    __user_initial_stackheap                 0x08000355   Thumb Code     0  stm32f10x_vector.o(.text)
    TimeDelay                                0x08000375   Thumb Code    22  lcd_dis.o(.text)
    LCD_Init                                 0x0800038b   Thumb Code    60  lcd_dis.o(.text)
    SPI_SSSet                                0x080003c7   Thumb Code    32  lcd_dis.o(.text)
    SPI_Send                                 0x080003e7   Thumb Code    58  lcd_dis.o(.text)
    FontSet                                  0x08000421   Thumb Code    68  lcd_dis.o(.text)
    FontSet_cn                               0x08000465   Thumb Code    64  lcd_dis.o(.text)
    PutChar                                  0x080004a5   Thumb Code    46  lcd_dis.o(.text)
    PutString                                0x080004d3   Thumb Code    76  lcd_dis.o(.text)
    PutChar_cn                               0x0800051f   Thumb Code    56  lcd_dis.o(.text)
    PutString_cn                             0x08000557   Thumb Code    76  lcd_dis.o(.text)
    SetPaintMode                             0x080005a3   Thumb Code    40  lcd_dis.o(.text)
    PutPixel                                 0x080005cb   Thumb Code    38  lcd_dis.o(.text)
    Line                                     0x080005f1   Thumb Code    54  lcd_dis.o(.text)
    Circle                                   0x08000627   Thumb Code    58  lcd_dis.o(.text)
    Rectangle                                0x08000661   Thumb Code    70  lcd_dis.o(.text)
    ClrScreen                                0x080006a7   Thumb Code    22  lcd_dis.o(.text)
    PutBitmap                                0x080006bd   Thumb Code   128  lcd_dis.o(.text)
    FontMode                                 0x0800073d   Thumb Code    40  lcd_dis.o(.text)
    Show_Char                                0x08000765   Thumb Code    88  lcd_dis.o(.text)
    Show_Short                               0x080007bd   Thumb Code    60  lcd_dis.o(.text)
    SetLCDGra                                0x080007f9   Thumb Code    30  lcd_dis.o(.text)
    SetLCDSleep                              0x08000817   Thumb Code    36  lcd_dis.o(.text)
    SetLCDWakeup                             0x0800083b   Thumb Code    22  lcd_dis.o(.text)
    SetBackLight                             0x08000851   Thumb Code    30  lcd_dis.o(.text)
    __use_two_region_memory                  0x0800086f   Thumb Code     2  stkheap2.o(.text)
    __rt_stackheap_init                      0x08000871   Thumb Code    24  stkheap2.o(.text)
    __rt_heap_extend                         0x08000889   Thumb Code    12  stkheap2.o(.text)
    __rt_entry                               0x08000895   Thumb Code    36  kernel.o(.text)
    __rt_exit                                0x080008b9   Thumb Code    18  kernel.o(.text)
    __rt_abort                               0x080008cb   Thumb Code     8  kernel.o(.text)
    __user_setup_stackheap                   0x080008d3   Thumb Code    74  sys_stackheap_outer.o(.text)
    __rt_stackheap_storage                   0x0800091d   Thumb Code     6  rt_stackheap_storage_intlibspace.o(.text)
    _sys_exit                                0x08000929   Thumb Code    16  sys_exit.o(.text)
    __user_libspace                          0x0800093d   Thumb Code     4  libspace.o(.text)
    __user_perproc_libspace                  0x0800093d   Thumb Code     0  libspace.o(.text)
    __user_perthread_libspace                0x0800093d   Thumb Code     0  libspace.o(.text)
    exit                                     0x08000945   Thumb Code    12  exit.o(.text)
    __rt_lib_init                            0x08000951   Thumb Code   174  lib_init.o(.text)
    __rt_lib_shutdown                        0x080009ff   Thumb Code    18  lib_init.o(.text)
    _platform_post_stackheap_init            0x08000a11   Thumb Code    10  boardinit2.o(.text)
    _platform_post_lib_init                  0x08000a1b   Thumb Code     8  boardinit3.o(.text)
    __I_use_semihosting                      0x08000a23   Thumb Code     0  use_no_semi.o(.text)
    __use_no_semihosting_swi                 0x08000a23   Thumb Code     2  use_no_semi.o(.text)
    __rt_locale                              0x08000a25   Thumb Code     6  rt_locale_intlibspace.o(.text)
    __ARM_get_argv                           0x08000a31   Thumb Code     2  no_argv.o(.text)
    __rt_fp_status_addr                      0x08000a35   Thumb Code     6  rt_fp_status_addr_intlibspace.o(.text)
    DMA_ClearITPendingBit                    0x08000a41   Thumb Code    16  stm32f10x_dma.o(i.DMA_ClearITPendingBit)
    DMA_GetITStatus                          0x08000a55   Thumb Code    26  stm32f10x_dma.o(i.DMA_GetITStatus)
    FLASH_PrefetchBufferCmd                  0x08000a75   Thumb Code    18  stm32f10x_flash.o(i.FLASH_PrefetchBufferCmd)
    FLASH_SetLatency                         0x08000a8d   Thumb Code    18  stm32f10x_flash.o(i.FLASH_SetLatency)
    GPIO_Init                                0x08000aa5   Thumb Code   162  stm32f10x_gpio.o(i.GPIO_Init)
    NVIC_PriorityGroupConfig                 0x08000b49   Thumb Code    10  stm32f10x_nvic.o(i.NVIC_PriorityGroupConfig)
    NVIC_SetVectorTable                      0x08000b5d   Thumb Code    12  stm32f10x_nvic.o(i.NVIC_SetVectorTable)
    RCC_APB2PeriphClockCmd                   0x08000b71   Thumb Code    18  stm32f10x_rcc.o(i.RCC_APB2PeriphClockCmd)
    RCC_DeInit                               0x08000b89   Thumb Code    48  stm32f10x_rcc.o(i.RCC_DeInit)
    RCC_GetFlagStatus                        0x08000bc5   Thumb Code    42  stm32f10x_rcc.o(i.RCC_GetFlagStatus)
    RCC_GetSYSCLKSource                      0x08000bf5   Thumb Code    10  stm32f10x_rcc.o(i.RCC_GetSYSCLKSource)
    RCC_HCLKConfig                           0x08000c05   Thumb Code    14  stm32f10x_rcc.o(i.RCC_HCLKConfig)
    RCC_HSEConfig                            0x08000c19   Thumb Code    48  stm32f10x_rcc.o(i.RCC_HSEConfig)
    RCC_PCLK1Config                          0x08000c4d   Thumb Code    14  stm32f10x_rcc.o(i.RCC_PCLK1Config)
    RCC_PCLK2Config                          0x08000c61   Thumb Code    16  stm32f10x_rcc.o(i.RCC_PCLK2Config)
    RCC_PLLCmd                               0x08000c75   Thumb Code     6  stm32f10x_rcc.o(i.RCC_PLLCmd)
    RCC_PLLConfig                            0x08000c81   Thumb Code    16  stm32f10x_rcc.o(i.RCC_PLLConfig)
    RCC_SYSCLKConfig                         0x08000c95   Thumb Code    14  stm32f10x_rcc.o(i.RCC_SYSCLKConfig)
    RCC_WaitForHSEStartUp                    0x08000ca9   Thumb Code    36  stm32f10x_rcc.o(i.RCC_WaitForHSEStartUp)
    _fp_init                                 0x08000ccd   Thumb Code    14  fpinit.o(x$fpl$fpinit)
    __fplib_config_pureend_doubles           0x08000cd9   Thumb Code     0  fpinit.o(x$fpl$fpinit)
    Bitmap01                                 0x08000cda   Data         598  bitmap.o(.constdata)
    Region$$Table$$Base                      0x08000f30   Number         0  anon$$obj.o(Region$$Table)
    Region$$Table$$Limit                     0x08000f50   Number         0  anon$$obj.o(Region$$Table)
    X_Witch                                  0x20000000   Data           1  lcd_dis.o(.data)
    Y_Witch                                  0x20000001   Data           1  lcd_dis.o(.data)
    X_Witch_cn                               0x20000002   Data           1  lcd_dis.o(.data)
    Y_Witch_cn                               0x20000003   Data           1  lcd_dis.o(.data)
    Dis_Zero                                 0x20000004   Data           1  lcd_dis.o(.data)
    __libspace_start                         0x20000008   Data          96  libspace.o(.bss)
    __temporary_stack_top_libspace           0x20000068   Data           0  libspace.o(.bss)


================================================================================

Memory Map of the image

  Image Entry point : 0x08000131

  Load Region LR_IROM1 (Base: 0x08000000, Size: 0x00000f58, Max: 0x00020000, ABSOLUTE)

    Execution Region ER_IROM1 (Base: 0x08000000, Size: 0x00000f50, Max: 0x00020000, ABSOLUTE)

    Base Addr    Size         Type   Attr      Idx    E Section Name        Object

    0x08000000   0x00000130   Data   RO          124    RESET               stm32f10x_vector.o
    0x08000130   0x00000008   Code   RO          760  * !!!main             __main.o(c_w.l)
    0x08000138   0x00000034   Code   RO          854    !!!scatter          __scatter.o(c_w.l)
    0x0800016c   0x0000001a   Code   RO          856    !!handler_copy      __scatter_copy.o(c_w.l)
    0x08000186   0x00000002   PAD
    0x08000188   0x0000001c   Code   RO          858    !!handler_zi        __scatter_zi.o(c_w.l)
    0x080001a4   0x00000004   Code   RO          781    .emb_text           lib_init.o(c_w.l)
    0x080001a8   0x00000044   Code   RO           11    .text               main.o
    0x080001ec   0x000000bc   Code   RO           82    .text               stm32f10x_system.o
    0x080002a8   0x000000a6   Code   RO           97    .text               stm32f10x_it.o
    0x0800034e   0x00000002   PAD
    0x08000350   0x00000024   Code   RO          125    .text               stm32f10x_vector.o
    0x08000374   0x000004fa   Code   RO          129    .text               lcd_dis.o
    0x0800086e   0x00000026   Code   RO          758    .text               stkheap2.o(c_w.l)
    0x08000894   0x0000003e   Code   RO          762    .text               kernel.o(c_w.l)
    0x080008d2   0x0000004a   Code   RO          765    .text               sys_stackheap_outer.o(c_w.l)
    0x0800091c   0x0000000c   Code   RO          770    .text               rt_stackheap_storage_intlibspace.o(c_w.l)
    0x08000928   0x00000014   Code   RO          772    .text               sys_exit.o(c_w.l)
    0x0800093c   0x00000008   Code   RO          774    .text               libspace.o(c_w.l)
    0x08000944   0x0000000c   Code   RO          777    .text               exit.o(c_w.l)
    0x08000950   0x000000c0   Code   RO          782    .text               lib_init.o(c_w.l)
    0x08000a10   0x0000000a   Code   RO          787    .text               boardinit2.o(c_w.l)
    0x08000a1a   0x00000008   Code   RO          789    .text               boardinit3.o(c_w.l)
    0x08000a22   0x00000002   Code   RO          793    .text               use_no_semi.o(c_w.l)
    0x08000a24   0x0000000c   Code   RO          798    .text               rt_locale_intlibspace.o(c_w.l)
    0x08000a30   0x00000002   Code   RO          804    .text               no_argv.o(c_w.l)
    0x08000a32   0x00000002   PAD
    0x08000a34   0x0000000c   Code   RO          813    .text               rt_fp_status_addr_intlibspace.o(c_w.l)
    0x08000a40   0x00000014   Code   RO          154    i.DMA_ClearITPendingBit  stm32f10x_dma.o(STM32F10X.lib)
    0x08000a54   0x00000020   Code   RO          153    i.DMA_GetITStatus   stm32f10x_dma.o(STM32F10X.lib)
    0x08000a74   0x00000018   Code   RO          231    i.FLASH_PrefetchBufferCmd  stm32f10x_flash.o(STM32F10X.lib)
    0x08000a8c   0x00000018   Code   RO          229    i.FLASH_SetLatency  stm32f10x_flash.o(STM32F10X.lib)
    0x08000aa4   0x000000a2   Code   RO          258    i.GPIO_Init         stm32f10x_gpio.o(STM32F10X.lib)
    0x08000b46   0x00000002   PAD
    0x08000b48   0x00000014   Code   RO          369    i.NVIC_PriorityGroupConfig  stm32f10x_nvic.o(STM32F10X.lib)
    0x08000b5c   0x00000014   Code   RO          385    i.NVIC_SetVectorTable  stm32f10x_nvic.o(STM32F10X.lib)
    0x08000b70   0x00000018   Code   RO          578    i.RCC_APB2PeriphClockCmd  stm32f10x_rcc.o(STM32F10X.lib)
    0x08000b88   0x0000003c   Code   RO          556    i.RCC_DeInit        stm32f10x_rcc.o(STM32F10X.lib)
    0x08000bc4   0x00000030   Code   RO          558    i.RCC_GetFlagStatus  stm32f10x_rcc.o(STM32F10X.lib)
    0x08000bf4   0x00000010   Code   RO          565    i.RCC_GetSYSCLKSource  stm32f10x_rcc.o(STM32F10X.lib)
    0x08000c04   0x00000014   Code   RO          566    i.RCC_HCLKConfig    stm32f10x_rcc.o(STM32F10X.lib)
    0x08000c18   0x00000034   Code   RO          557    i.RCC_HSEConfig     stm32f10x_rcc.o(STM32F10X.lib)
    0x08000c4c   0x00000014   Code   RO          567    i.RCC_PCLK1Config   stm32f10x_rcc.o(STM32F10X.lib)
    0x08000c60   0x00000014   Code   RO          568    i.RCC_PCLK2Config   stm32f10x_rcc.o(STM32F10X.lib)
    0x08000c74   0x0000000c   Code   RO          563    i.RCC_PLLCmd        stm32f10x_rcc.o(STM32F10X.lib)
    0x08000c80   0x00000014   Code   RO          562    i.RCC_PLLConfig     stm32f10x_rcc.o(STM32F10X.lib)
    0x08000c94   0x00000014   Code   RO          564    i.RCC_SYSCLKConfig  stm32f10x_rcc.o(STM32F10X.lib)
    0x08000ca8   0x00000024   Code   RO          559    i.RCC_WaitForHSEStartUp  stm32f10x_rcc.o(STM32F10X.lib)
    0x08000ccc   0x0000000e   Code   RO          806    x$fpl$fpinit        fpinit.o(fz_ws.l)
    0x08000cda   0x00000256   Data   RO            1    .constdata          bitmap.o
    0x08000f30   0x00000020   Data   RO          853    Region$$Table       anon$$obj.o


    Execution Region RW_IRAM1 (Base: 0x20000000, Size: 0x00000868, Max: 0x00005000, ABSOLUTE)

    Base Addr    Size         Type   Attr      Idx    E Section Name        Object

    0x20000000   0x00000005   Data   RW          130    .data               lcd_dis.o
    0x20000005   0x00000003   PAD
    0x20000008   0x00000060   Zero   RW          775    .bss                libspace.o(c_w.l)
    0x20000068   0x00000400   Zero   RW          123    HEAP                stm32f10x_vector.o
    0x20000468   0x00000400   Zero   RW          122    STACK               stm32f10x_vector.o


================================================================================

Image component sizes


      Code (inc. data)   RO Data    RW Data    ZI Data      Debug   Object Name

         0          0        598          0          0       1771   bitmap.o
         0          0          0          0          0         20   cortexm3_macro.o
      1274         32          0          5          0       5698   lcd_dis.o
        68          4          0          0          0      11336   main.o
       166          0          0          0          0       6220   stm32f10x_it.o
       188          4          0          0          0        846   stm32f10x_system.o
        36         22        304          0       2048        256   stm32f10x_vector.o

    ------------------------------------------------------------------------
      1734         62        934          8       2048      26147   Object Totals
         0          0         32          0          0          0   (incl. Generated)
         2          0          0          3          0          0   (incl. Padding)

    ------------------------------------------------------------------------

      Code (inc. data)   RO Data    RW Data    ZI Data      Debug   Library Member Name

         8          0          0          0          0          0   __main.o
        52          8          0          0          0          0   __scatter.o
        26          0          0          0          0          0   __scatter_copy.o
        28          0          0          0          0          0   __scatter_zi.o
        10          0          0          0          0          0   boardinit2.o
         8          0          0          0          0          0   boardinit3.o
        12          0          0          0          0          0   exit.o
        14          0          0          0          0          0   fpinit.o
        62          0          0          0          0          0   kernel.o
       196          0          0          0          0          0   lib_init.o
         8          4          0          0         96          0   libspace.o
         2          0          0          0          0          0   no_argv.o
        12          6          0          0          0          0   rt_fp_status_addr_intlibspace.o
        12          6          0          0          0          0   rt_locale_intlibspace.o
        12          6          0          0          0          0   rt_stackheap_storage_intlibspace.o
        38          0          0          0          0          0   stkheap2.o
        52         10          0          0          0     178270   stm32f10x_dma.o
        48         12          0          0          0        825   stm32f10x_flash.o
       162          0          0          0          0       7932   stm32f10x_gpio.o
        40         18          0          0          0        869   stm32f10x_nvic.o
       348         66          0          0          0       5189   stm32f10x_rcc.o
        20         10          0          0          0          0   sys_exit.o
        74          0          0          0          0          0   sys_stackheap_outer.o
         2          0          0          0          0          0   use_no_semi.o

    ------------------------------------------------------------------------
      1252        146          0          0         96     193085   Library Totals
         6          0          0          0          0          0   (incl. Padding)

    ------------------------------------------------------------------------

      Code (inc. data)   RO Data    RW Data    ZI Data      Debug   Library Name

       650        106          0          0          0     193085   STM32F10X.lib
       582         40          0          0         96          0   c_w.l
        14          0          0          0          0          0   fz_ws.l

    ------------------------------------------------------------------------
      1252        146          0          0         96     193085   Library Totals

    ------------------------------------------------------------------------

================================================================================


      Code (inc. data)   RO Data    RW Data    ZI Data      Debug   

      2986        208        934          8       2144     219232   Grand Totals
      2986        208        934          8       2144     219232   ELF Image Totals
      2986        208        934          8          0          0   ROM Totals

================================================================================

    Total RO  Size (Code + RO Data)                 3920 (   3.83kB)
    Total RW  Size (RW Data + ZI Data)              2152 (   2.10kB)
    Total ROM Size (Code + RO Data + RW Data)       3928 (   3.84kB)

================================================================================

