C51 COMPILER V8.16   MAIN                                                                  03/31/2010 14:10:34 PAGE 1   


C51 COMPILER V8.16, COMPILATION OF MODULE MAIN
OBJECT MODULE PLACED IN .\Output\main.obj
COMPILER INVOKED BY: C:\Keil\C51\BIN\C51.EXE UserCode\main.c BROWSE INCDIR(..\..\LCD_Driver) DEBUG OBJECTEXTEND PRINT(.\
                    -main.lst) OBJECT(.\Output\main.obj)

line level    source

   1          //========================================================================
   2          //  工程名称：CharShow
   3          //  作    者: xinqiang Zhang(小丑)  (email: xinqiang@Mzdesign.com.cn)    
   4          //  联系方式：QQ 644272644
   5          //      版权所有：北京铭正同创科技有限公司   www.mzdesign.com.cn
   6          //  适应芯片: MCS51 （本例选择AT89S52）
   7          //  编程环境: Keil C51
   8          //  实现功能: MzLH08模块的基本显示功能演示程序,实现字符显示
   9          //
  10          //  系统要求: PC with CPU 233MHz,128MB RAM,
  11          //                      Keil uVision3（or later）
  12          //  组成文件:
  13          //      main.c          ----主程序文件
  14          //              LCD_Dis.c
  15          //      LCD_Dis.h
  16          //                                      ----MzLH08模块的基本驱动程序
  17          //      硬件连接:
  18          //              LCD CS              ---P1.0
  19          //              LCD SCK                 ---P1.2
  20          //              LCD SDA                 ---P1.1
  21          //              LCD RST                 ---P1.3
  22          //  端口定义请参考LCD_Config.h文件中的定义
  23          //
  24          //      CPU运行频率11.0592MHz   (每个指令为12周期)
  25          //
  26          //              LCD 供电请参考具体的模块是3.3V的还是5V模块
  27          //
  28          //  当前版本:  V1.00
  29          //  日期:  2009-02-10
  30          //  
  31          //  参考文件: 
  32          //  维护记录:
  33          //-------------------------------------------------------------------
  34          //  Version   2010-02-10-V10   Modified By    Xinqiang Zhang(小丑)
  35          //
  36          //========================================================================
  37          
  38          #include "LCD_Dis.h"
  39          
  40          
  41          int main(void)
  42          {
  43   1              LCD_Init();
  44   1              SetBackLight(0);                                //设置背光的亮度等级为0
  45   1              ClrScreen();
  46   1              
  47   1              FontSet(0,1);                                   //选择ASCII字符0(6X10),字符色为1(黑色)
  48   1              PutChar(10,0,'A');                              //在指定位置显示字符A
  49   1              FontSet(1,1);                                   //选择ASCII字符1(8X16),字符色为1(黑色)
  50   1              PutChar(20,0,'A');                              //在指定位置显示字符A
  51   1      
  52   1              Rectangle(64,0,127,20,1);               //在指定位置绘制一个黑色的矩形作背景
  53   1              FontSet(1,0);                                   //选择ASCII字符1(8X16),字符色为0(白色)
  54   1              FontMode(0,1);                                  //设置字符覆盖模式为禁止，字符背景覆盖色为1     
C51 COMPILER V8.16   MAIN                                                                  03/31/2010 14:10:34 PAGE 2   

  55   1              PutChar(70,1,'B');                              //显示ASCII字符
  56   1              FontSet(1,1);                                   //选择ASCII字符1(8X16),字符色为1(黑色)
  57   1              FontMode(1,0);                                  //设置字符覆盖模式为使能，字符背景覆盖色为0                                     
  58   1              PutChar(80,1,'a');                              //显示ASCII字符
  59   1                      
  60   1              PutString(0,17,"MzDesign");             //在指定位置开始显示ASCII字符串
  61   1              FontSet(0,1);
  62   1              PutString(66,23,"--MzLH08");
  63   1      
  64   1              FontSet_cn(1,1);
  65   1              PutChar_cn(10,33,"显");
  66   1              PutString_cn(40,33,"铭正同创");
  67   1              FontSet_cn(0,1);
  68   1              PutChar_cn(10,50,"显");
  69   1              PutString_cn(40,50,"汉字库液晶");  
  70   1      
  71   1              SetBackLight(100);                      //设置背光打开 
  72   1              
  73   1              while(1)
  74   1              {
  75   2              }
  76   1      }
  77          
  78          


MODULE INFORMATION:   STATIC OVERLAYABLE
   CODE SIZE        =    210    ----
   CONSTANT SIZE    =     41    ----
   XDATA SIZE       =   ----    ----
   PDATA SIZE       =   ----    ----
   DATA SIZE        =   ----    ----
   IDATA SIZE       =   ----    ----
   BIT SIZE         =   ----    ----
END OF MODULE INFORMATION.


C51 COMPILATION COMPLETE.  0 WARNING(S),  0 ERROR(S)
